
> lumicatech@0.1.0 build
> next build

Ôû▓ Next.js 16.2.0 (Turbopack)
- Environments: .env.local

  Creating an optimized production build ...
Ô£ô Compiled successfully in 40s
  Running TypeScript ...
  Finished TypeScript in 43s ...
  Collecting page data using 3 workers ...
  Generating static pages using 3 workers (0/21) ...
  Generating static pages using 3 workers (5/21) 
  Generating static pages using 3 workers (10/21) 
  Generating static pages using 3 workers (15/21) 
Ô£ô Generating static pages using 3 workers (21/21) in 4.0s
  Finalizing page optimization ...

Route (app)
Ôöî Ôùï /
Ôö£ Ôùï /_not-found
Ôö£ Ôùï /admin
Ôö£ Ôùï /admin/dashboard
Ôö£ Ôùï /admin/login
Ôö£ ãÆ /api/admin/bookings
Ôö£ ãÆ /api/admin/config
Ôö£ ãÆ /api/admin/email-preview
Ôö£ ãÆ /api/admin/login
Ôö£ ãÆ /api/admin/logout
Ôö£ ãÆ /api/admin/reminders
Ôö£ ãÆ /api/admin/test-email
Ôö£ ãÆ /api/booking
Ôö£ Ôùï /aviso-legal
Ôö£ Ôùï /booking
Ôö£ Ôùï /cookies
Ôö£ Ôùï /en-construccion
Ôö£ Ôùï /lumiware
Ôöö Ôùï /privacidad


ãÆ Proxy (Middleware)

Ôùï  (Static)   prerendered as static content
ãÆ  (Dynamic)  server-rendered on demand

